
> quran-rotation@0.0.0 build
> vite build

[36mvite v7.3.1 [32mbuilding client environment for production...[36m[39m
transforming...
[32mΓ£ô[39m 2088 modules transformed.
node.exe : [31mΓ£ù[39m Build failed in 2.28s
At line:1 char:1
+ & "C:\Program Files\nodejs/node.exe" "C:\Users\hadoo\AppData\Roaming\ ...
+ ~~~~~~~~~~~~~~~~~~~~~~~~~~~~~~~~~~~~~~~~~~~~~~~~~~~~~~~~~~~~~~~~~~~~~
    + CategoryInfo          : NotSpecified: ([31mΓ£ù[39m Build failed in  
   2.28s:String) [], RemoteException
    + FullyQualifiedErrorId : NativeCommandError
 
[31merror during build:
[31msrc/App.jsx (5:9): "getCurrentWeekNumber" is not exported by 
"src/utils.js", imported by "src/App.jsx".[31m
file: [36mC:/Users/hadoo/.gemini/antigravity/scratch/quran-rotation/src/App
.jsx:5:9[31m
[33m
3: import { formatDistanceToNow, differenceInHours } from 'date-fns';
4: import confetti from 'canvas-confetti';
5: import { getCurrentWeekNumber, getAssignedJuzForUser, getNextDeadline } 
from './utils';
            ^
6: import { supabase } from './supabaseClient';
7: import './App.css';
[31m
    at getRollupError (file:///C:/Users/hadoo/.gemini/antigravity/scratch/qu
ran-rotation/node_modules/rollup/dist/es/shared/parseAst.js:402:41)
    at error (file:///C:/Users/hadoo/.gemini/antigravity/scratch/quran-rotat
ion/node_modules/rollup/dist/es/shared/parseAst.js:398:42)
    at Module.error (file:///C:/Users/hadoo/.gemini/antigravity/scratch/qura
n-rotation/node_modules/rollup/dist/es/shared/node-entry.js:17040:16)
    at Module.traceVariable (file:///C:/Users/hadoo/.gemini/antigravity/scra
tch/quran-rotation/node_modules/rollup/dist/es/shared/node-entry.js:17452:29
)
    at ModuleScope.findVariable (file:///C:/Users/hadoo/.gemini/antigravity/
scratch/quran-rotation/node_modules/rollup/dist/es/shared/node-entry.js:1507
0:39)
    at FunctionScope.findVariable (file:///C:/Users/hadoo/.gemini/antigravit
y/scratch/quran-rotation/node_modules/rollup/dist/es/shared/node-entry.js:56
73:38)
    at FunctionBodyScope.findVariable (file:///C:/Users/hadoo/.gemini/antigr
avity/scratch/quran-rotation/node_modules/rollup/dist/es/shared/node-entry.j
s:5673:38)
    at Identifier.bind (file:///C:/Users/hadoo/.gemini/antigravity/scratch/q
uran-rotation/node_modules/rollup/dist/es/shared/node-entry.js:5447:40)
    at CallExpression.bind (file:///C:/Users/hadoo/.gemini/antigravity/scrat
ch/quran-rotation/node_modules/rollup/dist/es/shared/node-entry.js:2829:23)
    at CallExpression.bind (file:///C:/Users/hadoo/.gemini/antigravity/scrat
ch/quran-rotation/node_modules/rollup/dist/es/shared/node-entry.js:12179:15)
[39m
